*** Using Compiler 'V5.06 update 5 (build 528)', folder: 'D:\MDK\ARM\ARMCC\Bin'
Rebuild target 'STM32_PUL_WHILE'
assembling startup_stm32f10x_hd.s...
compiling stm32f10x_it.c...
compiling system_stm32f10x.c...
compiling delay.c...
..\hardware\uart_5.h(21): warning:  #1295-D: Deprecated declaration uart_init5 - give arg types
  void uart_init5();
..\DRIVERS\delay.c: 1 warning, 0 errors
compiling main.c...
..\BSP\task.h(7): warning:  #1295-D: Deprecated declaration yuanliao - give arg types
  void yuanliao();
..\BSP\task.h(9): warning:  #1295-D: Deprecated declaration cujiagong - give arg types
  void cujiagong();
..\BSP\task.h(10): warning:  #1295-D: Deprecated declaration zancunqu - give arg types
  void zancunqu();
..\BSP\task.h(11): warning:  #1295-D: Deprecated declaration yuanliao2 - give arg types
  void yuanliao2();
..\BSP\task.h(12): warning:  #1295-D: Deprecated declaration cujiagong2 - give arg types
  void cujiagong2();
..\BSP\task.h(13): warning:  #1295-D: Deprecated declaration zancunqu2 - give arg types
  void zancunqu2();
..\BSP\task.h(14): warning:  #1295-D: Deprecated declaration qidian - give arg types
  void qidian();
..\hardware\uart_5.h(21): warning:  #1295-D: Deprecated declaration uart_init5 - give arg types
  void uart_init5();
..\hardware\uart_4.h(11): warning:  #1295-D: Deprecated declaration uart_init4 - give arg types
  void uart_init4();
..\APP\main.c: 9 warnings, 0 errors
compiling usart.c...
compiling fifo.c...
compiling Emm_V5.c...
compiling board.c...
compiling car.c...
..\BSP\car.c(27): warning:  #1294-D: Old-style function car
  void car(dir,speed,location)
..\BSP\car.c(27): warning:  #1079-D: standard requires that parameter "dir"  be given a type by a subsequent declaration ("int" assumed)
  void car(dir,speed,location)
..\BSP\car.c(27): warning:  #1079-D: standard requires that parameter "speed"  be given a type by a subsequent declaration ("int" assumed)
  void car(dir,speed,location)
..\BSP\car.c(27): warning:  #1079-D: standard requires that parameter "location"  be given a type by a subsequent declaration ("int" assumed)
  void car(dir,speed,location)
..\BSP\car.c: 4 warnings, 0 errors
compiling task.c...
..\hardware\uart_5.h(21): warning:  #1295-D: Deprecated declaration uart_init5 - give arg types
  void uart_init5();
..\hardware\uart_4.h(11): warning:  #1295-D: Deprecated declaration uart_init4 - give arg types
  void uart_init4();
..\BSP\task.c(15): warning:  #1294-D: Old-style function zancun_na
  void zancun_na(dir,speed,location,WL){
..\BSP\task.c(15): warning:  #1079-D: standard requires that parameter "dir"  be given a type by a subsequent declaration ("int" assumed)
  void zancun_na(dir,speed,location,WL){
..\BSP\task.c(15): warning:  #1079-D: standard requires that parameter "speed"  be given a type by a subsequent declaration ("int" assumed)
  void zancun_na(dir,speed,location,WL){
..\BSP\task.c(15): warning:  #1079-D: standard requires that parameter "location"  be given a type by a subsequent declaration ("int" assumed)
  void zancun_na(dir,speed,location,WL){
..\BSP\task.c(15): warning:  #1079-D: standard requires that parameter "WL"  be given a type by a subsequent declaration ("int" assumed)
  void zancun_na(dir,speed,location,WL){
..\BSP\task.c: 7 warnings, 0 errors
compiling OLED.c...
compiling openmv.c...
..\hardware\uart_4.h(11): warning:  #1295-D: Deprecated declaration uart_init4 - give arg types
  void uart_init4();
..\hardware\uart_5.h(21): warning:  #1295-D: Deprecated declaration uart_init5 - give arg types
  void uart_init5();
..\BSP\openmv.c: 2 warnings, 0 errors
compiling core_cm3.c...
compiling PID.c...
compiling uart_3.c...
..\hardware\uart_3.c(203): warning:  #1-D: last line of file ends without a newline
  }
..\hardware\uart_3.c: 1 warning, 0 errors
compiling PWM.c...
compiling ring_buffer.c...
compiling uart_5.c...
..\hardware\uart_5.h(21): warning:  #1295-D: Deprecated declaration uart_init5 - give arg types
  void uart_init5();
..\hardware\uart_4.h(11): warning:  #1295-D: Deprecated declaration uart_init4 - give arg types
  void uart_init4();
..\hardware\uart_5.c(169): warning:  #223-D: function "Usart_SendByte" declared implicitly
          Usart_SendByte(pUSARTx, array[i]);
..\hardware\uart_5.c(184): warning:  #223-D: function "Usart_SendByte" declared implicitly
          Usart_SendByte(pUSARTx, *(str + k));
..\hardware\uart_5.c: 4 warnings, 0 errors
compiling uart_4.c...
..\hardware\uart_5.h(21): warning:  #1295-D: Deprecated declaration uart_init5 - give arg types
  void uart_init5();
..\hardware\uart_4.h(11): warning:  #1295-D: Deprecated declaration uart_init4 - give arg types
  void uart_init4();
..\hardware\uart_4.c(219): warning:  #223-D: function "Usart_SendByte" declared implicitly
          Usart_SendByte(pUSARTx, array[i]);
..\hardware\uart_4.c(232): warning:  #223-D: function "Usart_SendByte" declared implicitly
          Usart_SendByte(pUSARTx, *(str + k));
..\hardware\uart_4.c: 4 warnings, 0 errors
compiling fashion_star_uart_servo.c...
compiling sys_tick.c...
compiling sys.c...
compiling usart2.c...
compiling stm32f10x_bkp.c...
compiling misc.c...
compiling wuliao.c...
..\hardware\uart_4.h(11): warning:  #1295-D: Deprecated declaration uart_init4 - give arg types
  void uart_init4();
..\hardware\uart_5.h(21): warning:  #1295-D: Deprecated declaration uart_init5 - give arg types
  void uart_init5();
..\hardware\wuliao.c(89): warning:  #111-D: statement is unreachable
  	delay_ms(100);
..\hardware\wuliao.c: 3 warnings, 0 errors
compiling stm32f10x_adc.c...
compiling stm32f10x_cec.c...
compiling stm32f10x_crc.c...
compiling stm32f10x_dac.c...
compiling stm32f10x_can.c...
compiling stm32f10x_exti.c...
compiling stm32f10x_dma.c...
compiling stm32f10x_fsmc.c...
compiling stm32f10x_gpio.c...
compiling stm32f10x_i2c.c...
compiling stm32f10x_dbgmcu.c...
compiling stm32f10x_flash.c...
compiling stm32f10x_iwdg.c...
compiling stm32f10x_pwr.c...
compiling stm32f10x_rcc.c...
compiling stm32f10x_rtc.c...
compiling stm32f10x_spi.c...
compiling stm32f10x_sdio.c...
compiling stm32f10x_usart.c...
compiling stm32f10x_wwdg.c...
compiling stm32f10x_tim.c...
linking...
Program Size: Code=26610 RO-data=1882 RW-data=384 ZI-data=4592  
FromELF: creating hex file...
".\Objects\Template.axf" - 0 Error(s), 35 Warning(s).
Build Time Elapsed:  00:00:03
